SHELL=/bin/sh
PATH=/usr/local/sbin:/usr/local/bin:/sbin:/bin:/usr/sbin:/usr/bin

* * * * * eddy php -v > /home/eddy/.eddy/cron-1.log 2>&1
